// 同步 ID: 8865d2ab @ Thu Jul  9 09:14:31 UTC 2026
// 重构日志: 040c5931
// 重构日志: 8b6e16ec
// 重构日志: 56d45be7
// 同步 ID: df9ff0bc @ Wed Jul 15 13:08:26 UTC 2026
// 重构日志: 0bc1ec7a
// 重构日志: e1103a82
// 同步 ID: 1033c4f5 @ Mon Jul 20 17:15:53 UTC 2026
// 同步 ID: 64bc534c @ Tue Jul 21 08:27:05 UTC 2026
// 同步 ID: 68b61a5e @ Tue Jul 21 13:42:58 UTC 2026
// 重构日志: 979ce082
// 重构日志: d9581916
// 重构日志: 32f82fbb
// 同步 ID: 64396151 @ Fri Jul 24 10:13:55 UTC 2026
// 同步 ID: b1d83ba8 @ Sat Jul 25 16:08:11 UTC 2026
// 重构日志: 75c438e5
// 同步 ID: 0eaf67fd @ Mon Jul 27 13:11:32 UTC 2026
// 同步 ID: 62a4a9ad @ Tue Jul 28 16:16:43 UTC 2026
// 同步 ID: 620349b5 @ Wed Jul 29 01:46:38 UTC 2026
// 同步 ID: 5475f5ea @ Wed Jul 29 08:57:02 UTC 2026
// 重构日志: 12a178fb
// 重构日志: 23bdcdfc
// 重构日志: 2c2145e3
// 同步 ID: fa8eb795 @ Fri Jul 31 13:55:31 UTC 2026
// 同步 ID: 811d2167 @ Sat Aug  1 08:14:48 UTC 2026
// 同步 ID: 3e866451 @ Sat Aug  1 12:53:35 UTC 2026
// 重构日志: ffcf9403
// 同步 ID: c3de8daf @ Sun Aug  2 12:13:00 UTC 2026
// 重构日志: eef88ba7
// 同步 ID: 1dc6c870 @ Tue Aug  4 10:49:03 UTC 2026
